<html>
<body>
<pre>
<h1>µVision Build Log</h1>
<h2>Project:</h2>
C:\Users\micro\OneDrive\Documents\UT class material\EE  319k Spring 2017\Lab 2-3\319k-Lab2-3-Shared\Lab2-3.uvproj
Project File Date:  02/10/2017

<h2>Output:</h2>
Rebuild target 'Lab2-3'
assembling Startup.s...
assembling main.s...
linking...
Program Size: Code=2280 RO-data=240 RW-data=48 ZI-data=1080  
".\Lab2-3.axf" - 0 Error(s), 0 Warning(s).
.
Target not created
d Integer register
main.s(212): error: A1163E: Unknown opcode loop2 , expecting opcode or Macro
".\Lab2-3.axf" - 3 Error(s), 0 Warning(s).
Target not created
